// Jest Snapshot v1, https://goo.gl/fbAQLP

exports[`matches snapshot 1`] = `
<DocumentFragment>
  <div
    class="Todo"
  >
    <div>
      <b>
        test
      </b>
       
      <small>
        (priority: 1)
      </small>
    </div>
    <div>
      <small>
        test description
      </small>
    </div>
  </div>
</DocumentFragment>
`;
